Welcome to the Emacs shell

~/projects/cc33d $ ls
Makefile   cc33d.makefile~  interop.a  interop.s  main.c3   ncurses-test.c    ncurses.c3
Makefile~  cc33d.out        interop.c  lib        main.c3~  ncurses-test.out  ncurses.c3~
~/projects/cc33d $ git status
On branch master
Your branch is up to date with 'origin/master'.

Changes not staged for commit:
  (use "git add <file>..." to update what will be committed)
  (use "git restore <file>..." to discard changes in working directory)
	modified:   Makefile
	modified:   main.c3
	modified:   ncurses-test.c
	modified:   ncurses.c3

Untracked files:
  (use "git add <file>..." to include in what will be committed)
	.#ncurses-test.c

no changes added to commit (use "git add" and/or "git commit -a")
~/projects/cc33d $ git add -A
~/projects/cc33d $ git commit -m "testing ncurses"
[master bb37bdc] testing ncurses
 5 files changed, 38 insertions(+), 4 deletions(-)
 create mode 120000 .#ncurses-test.c
~/projects/cc33d $ git push
To https://github.com/romilk-senpai/cc33d.git
 ! [rejected]        master -> master (fetch first)
error: failed to push some refs to 'https://github.com/romilk-senpai/cc33d.git'
hint: Updates were rejected because the remote contains work that you do
hint: not have locally. This is usually caused by another repository pushing
hint: to the same ref. You may want to first integrate the remote changes
hint: (e.g., 'git pull ...') before pushing again.
hint: See the 'Note about fast-forwards' in 'git push --help' for details.
~/projects/cc33d $ git pull
remote: Enumerating objects: 4, done.        
remote: Counting objects: 100% (4/4), done.        
remote: Compressing objects: 100% (3/3), done.        
remote: Total 3 (delta 1), reused 0 (delta 0), pack-reused 0 (from 0)        
Unpacking objects: 100% (3/3), 972 bytes | 972.00 KiB/s, done.
From https://github.com/romilk-senpai/cc33d
   cddd2cc..9771c5e  master     -> origin/master
hint: You have divergent branches and need to specify how to reconcile them.
hint: You can do so by running one of the following commands sometime before
hint: your next pull:
hint: 
hint:   git config pull.rebase false  # merge
hint:   git config pull.rebase true   # rebase
hint:   git config pull.ff only       # fast-forward only
hint: 
hint: You can replace "git config" with "git config --global" to set a default
hint: preference for all repositories. You can also pass --rebase, --no-rebase,
hint: or --ff-only on the command line to override the configured default per
hint: invocation.
fatal: Need to specify how to reconcile divergent branches.
~/projects/cc33d $ git push
To https://github.com/romilk-senpai/cc33d.git
 ! [rejected]        master -> master (non-fast-forward)
error: failed to push some refs to 'https://github.com/romilk-senpai/cc33d.git'
hint: Updates were rejected because the tip of your current branch is behind
hint: its remote counterpart. Integrate the remote changes (e.g.
hint: 'git pull ...') before pushing again.
hint: See the 'Note about fast-forwards' in 'git push --help' for details.
~/projects/cc33d $ git checkout master
Already on 'master'
Your branch and 'origin/master' have diverged,
and have 1 and 1 different commits each, respectively.
  (use "git pull" to merge the remote branch into yours)
~/projects/cc33d $ gut pull
gut: command not found
~/projects/cc33d $ git pull
hint: You have divergent branches and need to specify how to reconcile them.
hint: You can do so by running one of the following commands sometime before
hint: your next pull:
hint: 
hint:   git config pull.rebase false  # merge
hint:   git config pull.rebase true   # rebase
hint:   git config pull.ff only       # fast-forward only
hint: 
hint: You can replace "git config" with "git config --global" to set a default
hint: preference for all repositories. You can also pass --rebase, --no-rebase,
hint: or --ff-only on the command line to override the configured default per
hint: invocation.
fatal: Need to specify how to reconcile divergent branches.
~/projects/cc33d $ git rebase master
Current branch master is up to date.
~/projects/cc33d $ git checkout master
Already on 'master'
Your branch and 'origin/master' have diverged,
and have 1 and 1 different commits each, respectively.
  (use "git pull" to merge the remote branch into yours)
~/projects/cc33d $ git pull
hint: You have divergent branches and need to specify how to reconcile them.
hint: You can do so by running one of the following commands sometime before
hint: your next pull:
hint: 
hint:   git config pull.rebase false  # merge
hint:   git config pull.rebase true   # rebase
hint:   git config pull.ff only       # fast-forward only
hint: 
hint: You can replace "git config" with "git config --global" to set a default
hint: preference for all repositories. You can also pass --rebase, --no-rebase,
hint: or --ff-only on the command line to override the configured default per
hint: invocation.
fatal: Need to specify how to reconcile divergent branches.
~/projects/cc33d $ git --no-rebase pull
unknown option: --no-rebase
usage: git [-v | --version] [-h | --help] [-C <path>] [-c <name>=<value>]
           [--exec-path[=<path>]] [--html-path] [--man-path] [--info-path]
           [-p | --paginate | -P | --no-pager] [--no-replace-objects] [--bare]
           [--git-dir=<path>] [--work-tree=<path>] [--namespace=<name>]
           [--super-prefix=<path>] [--config-env=<name>=<envvar>]
           <command> [<args>]
~/projects/cc33d $ git pull --no-rebase
error: Terminal is dumb, but EDITOR unset
Not committing merge; use 'git commit' to complete the merge.
~/projects/cc33d $ ls
#ncurses-test.c#  Makefile~  cc33d.makefile~  interop.a  interop.s  main.c3   ncurses-test.c    ncurses.c3
Makefile          README.md  cc33d.out        interop.c  lib        main.c3~  ncurses-test.out  ncurses.c3~
~/projects/cc33d $ git commit
error: Terminal is dumb, but EDITOR unset
Please supply the message using either -m or -F option.
~/projects/cc33d $ git commit -m "merge readme :]"
[master 3117020] merge readme :]
~/projects/cc33d $ git commit -m "merge readme :]
~/projects/cc33d $ git push
Enumerating objects: 19, done.
Counting objects: 100% (15/15), done.
Delta compression using up to 16 threads
Compressing objects: 100% (8/8), done.
Writing objects: 100% (9/9), 1.25 KiB | 1.25 MiB/s, done.
Total 9 (delta 4), reused 0 (delta 0), pack-reused 0
remote: Resolving deltas: 100% (4/4), completed with 3 local objects.        
To https://github.com/romilk-senpai/cc33d.git
   9771c5e..3117020  master -> master
~/projects/cc33d $ clear



























































~/projects/cc33d $ 
~/projects/cc33d $ ls
#ncurses-test.c#  Makefile~  cc33d.makefile~  interop.a  interop.s  main.c3   ncurses-test.c    ncurses.c3
Makefile          README.md  cc33d.out        interop.c  lib        main.c3~  ncurses-test.out  ncurses.c3~
~/projects/cc33d $ rm #ncurses-test.c#
usage: rm [OPTION]... FILE...
Remove (unlink) the FILE(s).

    -h, --help           show this usage screen
    -f, --force          force removal
    -i, --interactive    prompt before any removal
    -n, --preview        don't change anything on disk
    -r, --recursive      remove the contents of directories recursively
    -R                   (same)
    -v, --verbose        explain what is being done

This command is implemented in Lisp.  If an unrecognized option is
passed to this command, the external version ‘/usr/bin/rm’
will be called instead.
~/projects/cc33d $ rm .#ncurses-test.c#
~/projects/cc33d $ clear



























































~/projects/cc33d $ 
~/projects/cc33d $ git add -A
~/projects/cc33d $ git commit -m "erm"
[master 887048a] erm
 1 file changed, 0 insertions(+), 0 deletions(-)
 rename ncurses-test.c => #ncurses-test.c# (100%)
~/projects/cc33d $ ls
#ncurses-test.c#  Makefile~  cc33d.makefile~  interop.a  interop.s  main.c3   ncurses-test.out  ncurses.c3~
Makefile          README.md  cc33d.out        interop.c  lib        main.c3~  ncurses.c3        
~/projects/cc33d $ git reset HEAD~1
Unstaged changes after reset:
D	ncurses-test.c
~/projects/cc33d $ ls
#ncurses-test.c#  Makefile~  cc33d.makefile~  interop.a  interop.s  main.c3   ncurses-test.out  ncurses.c3~
Makefile          README.md  cc33d.out        interop.c  lib        main.c3~  ncurses.c3        
~/projects/cc33d $ ls
Makefile   README.md        cc33d.out  interop.c  lib      main.c3~        ncurses-test.out  ncurses.c3~
Makefile~  cc33d.makefile~  interop.a  interop.s  main.c3  ncurses-test.c  ncurses.c3        
~/projects/cc33d $ 